[Mon Apr 13 02:00:01 AM EDT 2026] Memulai proses backup database PINS...
[Mon Apr 13 02:00:02 AM EDT 2026] Backup berhasil disimpan: /opt/einventory/backups/PINS_DB_Backup_20260413_020001.sql.gz
[Tue Apr 14 02:00:01 AM EDT 2026] Memulai proses backup database PINS...
[Tue Apr 14 02:00:02 AM EDT 2026] Backup berhasil disimpan: /opt/einventory/backups/PINS_DB_Backup_20260414_020001.sql.gz
[Wed Apr 15 02:00:01 AM EDT 2026] Memulai proses backup database PINS...
[Wed Apr 15 02:00:02 AM EDT 2026] Backup berhasil disimpan: /opt/einventory/backups/PINS_DB_Backup_20260415_020001.sql.gz
[Thu Apr 16 02:00:01 AM EDT 2026] Memulai proses backup database PINS...
[Thu Apr 16 02:00:02 AM EDT 2026] Backup berhasil disimpan: /opt/einventory/backups/PINS_DB_Backup_20260416_020001.sql.gz
[Fri Apr 17 02:00:01 AM EDT 2026] Memulai proses backup database PINS...
[Fri Apr 17 02:00:02 AM EDT 2026] Backup berhasil disimpan: /opt/einventory/backups/PINS_DB_Backup_20260417_020001.sql.gz
[Sat Apr 18 02:00:01 AM EDT 2026] Memulai proses backup database PINS...
[Sat Apr 18 02:00:02 AM EDT 2026] Backup berhasil disimpan: /opt/einventory/backups/PINS_DB_Backup_20260418_020001.sql.gz
[Sun Apr 19 02:00:01 AM EDT 2026] Memulai proses backup database PINS...
[Sun Apr 19 02:00:02 AM EDT 2026] Backup berhasil disimpan: /opt/einventory/backups/PINS_DB_Backup_20260419_020001.sql.gz
[Mon Apr 20 02:00:01 AM EDT 2026] Memulai proses backup database PINS...
[Mon Apr 20 02:00:02 AM EDT 2026] Backup berhasil disimpan: /opt/einventory/backups/PINS_DB_Backup_20260420_020001.sql.gz
[Tue Apr 21 02:00:01 AM EDT 2026] Memulai proses backup database PINS...
[Tue Apr 21 02:00:02 AM EDT 2026] Backup berhasil disimpan: /opt/einventory/backups/PINS_DB_Backup_20260421_020001.sql.gz
[Wed Apr 22 02:00:01 AM EDT 2026] Memulai proses backup database PINS...
[Wed Apr 22 02:00:02 AM EDT 2026] Backup berhasil disimpan: /opt/einventory/backups/PINS_DB_Backup_20260422_020001.sql.gz
[Thu Apr 23 02:00:02 AM EDT 2026] Memulai proses backup database PINS...
[Thu Apr 23 02:00:02 AM EDT 2026] Backup berhasil disimpan: /opt/einventory/backups/PINS_DB_Backup_20260423_020002.sql.gz
[Fri Apr 24 02:00:01 AM EDT 2026] Memulai proses backup database PINS...
[Fri Apr 24 02:00:02 AM EDT 2026] Backup berhasil disimpan: /opt/einventory/backups/PINS_DB_Backup_20260424_020001.sql.gz
[Sat Apr 25 02:00:01 AM EDT 2026] Memulai proses backup database PINS...
[Sat Apr 25 02:00:02 AM EDT 2026] Backup berhasil disimpan: /opt/einventory/backups/PINS_DB_Backup_20260425_020001.sql.gz
[Sun Apr 26 02:00:01 AM EDT 2026] Memulai proses backup database PINS...
[Sun Apr 26 02:00:02 AM EDT 2026] Backup berhasil disimpan: /opt/einventory/backups/PINS_DB_Backup_20260426_020001.sql.gz
[Mon Apr 27 02:00:01 AM EDT 2026] Memulai proses backup database PINS...
[Mon Apr 27 02:00:02 AM EDT 2026] Backup berhasil disimpan: /opt/einventory/backups/PINS_DB_Backup_20260427_020001.sql.gz
[Tue Apr 28 02:00:01 AM EDT 2026] Memulai proses backup database PINS...
[Tue Apr 28 02:00:02 AM EDT 2026] Backup berhasil disimpan: /opt/einventory/backups/PINS_DB_Backup_20260428_020001.sql.gz
[Wed Apr 29 02:00:01 AM EDT 2026] Memulai proses backup database PINS...
[Wed Apr 29 02:00:02 AM EDT 2026] Backup berhasil disimpan: /opt/einventory/backups/PINS_DB_Backup_20260429_020001.sql.gz
[Thu Apr 30 02:00:01 AM EDT 2026] Memulai proses backup database PINS...
[Thu Apr 30 02:00:02 AM EDT 2026] Backup berhasil disimpan: /opt/einventory/backups/PINS_DB_Backup_20260430_020001.sql.gz
[Fri May  1 02:00:01 AM EDT 2026] Memulai proses backup database PINS...
[Fri May  1 02:00:03 AM EDT 2026] Backup berhasil disimpan: /opt/einventory/backups/PINS_DB_Backup_20260501_020001.sql.gz
[Sat May  2 02:00:01 AM EDT 2026] Memulai proses backup database PINS...
[Sat May  2 02:00:02 AM EDT 2026] Backup berhasil disimpan: /opt/einventory/backups/PINS_DB_Backup_20260502_020001.sql.gz
[Sun May  3 02:00:01 AM EDT 2026] Memulai proses backup database PINS...
[Sun May  3 02:00:02 AM EDT 2026] Backup berhasil disimpan: /opt/einventory/backups/PINS_DB_Backup_20260503_020001.sql.gz
[Mon May  4 02:00:01 AM EDT 2026] Memulai proses backup database PINS...
[Mon May  4 02:00:02 AM EDT 2026] Backup berhasil disimpan: /opt/einventory/backups/PINS_DB_Backup_20260504_020001.sql.gz
[Tue May  5 02:00:01 AM EDT 2026] Memulai proses backup database PINS...
[Tue May  5 02:00:03 AM EDT 2026] Backup berhasil disimpan: /opt/einventory/backups/PINS_DB_Backup_20260505_020001.sql.gz
[Wed May  6 02:00:01 AM EDT 2026] Memulai proses backup database PINS...
[Wed May  6 02:00:02 AM EDT 2026] Backup berhasil disimpan: /opt/einventory/backups/PINS_DB_Backup_20260506_020001.sql.gz
[Thu May  7 02:00:01 AM EDT 2026] Memulai proses backup database PINS...
[Thu May  7 02:00:02 AM EDT 2026] Backup berhasil disimpan: /opt/einventory/backups/PINS_DB_Backup_20260507_020001.sql.gz
[Fri May  8 02:00:01 AM EDT 2026] Memulai proses backup database PINS...
[Fri May  8 02:00:02 AM EDT 2026] Backup berhasil disimpan: /opt/einventory/backups/PINS_DB_Backup_20260508_020001.sql.gz
[Sat May  9 02:00:01 AM EDT 2026] Memulai proses backup database PINS...
[Sat May  9 02:00:02 AM EDT 2026] Backup berhasil disimpan: /opt/einventory/backups/PINS_DB_Backup_20260509_020001.sql.gz
[Sun May 10 02:00:01 AM EDT 2026] Memulai proses backup database PINS...
[Sun May 10 02:00:02 AM EDT 2026] Backup berhasil disimpan: /opt/einventory/backups/PINS_DB_Backup_20260510_020001.sql.gz
[Mon May 11 02:00:01 AM EDT 2026] Memulai proses backup database PINS...
[Mon May 11 02:00:03 AM EDT 2026] Backup berhasil disimpan: /opt/einventory/backups/PINS_DB_Backup_20260511_020001.sql.gz
[Tue May 12 02:00:01 AM EDT 2026] Memulai proses backup database PINS...
[Tue May 12 02:00:02 AM EDT 2026] Backup berhasil disimpan: /opt/einventory/backups/PINS_DB_Backup_20260512_020001.sql.gz
[Wed May 13 02:00:01 AM EDT 2026] Memulai proses backup database PINS...
[Wed May 13 02:00:02 AM EDT 2026] Backup berhasil disimpan: /opt/einventory/backups/PINS_DB_Backup_20260513_020001.sql.gz
[Thu May 14 02:00:01 AM EDT 2026] Memulai proses backup database PINS...
[Thu May 14 02:00:02 AM EDT 2026] Backup berhasil disimpan: /opt/einventory/backups/PINS_DB_Backup_20260514_020001.sql.gz
[Fri May 15 02:00:01 AM EDT 2026] Memulai proses backup database PINS...
[Fri May 15 02:00:02 AM EDT 2026] Backup berhasil disimpan: /opt/einventory/backups/PINS_DB_Backup_20260515_020001.sql.gz
[Sat May 16 02:00:01 AM EDT 2026] Memulai proses backup database PINS...
[Sat May 16 02:00:02 AM EDT 2026] Backup berhasil disimpan: /opt/einventory/backups/PINS_DB_Backup_20260516_020001.sql.gz
[Sun May 17 02:00:02 AM EDT 2026] Memulai proses backup database PINS...
[Sun May 17 02:00:03 AM EDT 2026] Backup berhasil disimpan: /opt/einventory/backups/PINS_DB_Backup_20260517_020002.sql.gz
[Mon May 18 02:00:01 AM EDT 2026] Memulai proses backup database PINS...
[Mon May 18 02:00:02 AM EDT 2026] Backup berhasil disimpan: /opt/einventory/backups/PINS_DB_Backup_20260518_020001.sql.gz
[Tue May 19 02:00:01 AM EDT 2026] Memulai proses backup database PINS...
[Tue May 19 02:00:03 AM EDT 2026] Backup berhasil disimpan: /opt/einventory/backups/PINS_DB_Backup_20260519_020001.sql.gz
[Wed May 20 02:00:01 AM EDT 2026] Memulai proses backup database PINS...
[Wed May 20 02:00:02 AM EDT 2026] Backup berhasil disimpan: /opt/einventory/backups/PINS_DB_Backup_20260520_020001.sql.gz
